// Jest Snapshot v1, https://goo.gl/fbAQLP

exports[`<LoadingScreen/> LoadingScreen is consistent with mockup 1`] = `
<div
  className="loading-screen"
>
  <div
    className="loading-container"
  >
    <div
      className="app-name"
    >
       
      PIGTUS
       
    </div>
    <div
      className="loading-progress"
    >
      <div
        className="progress"
      >
        <div
          aria-valuemax={100}
          aria-valuemin={0}
          aria-valuenow={10}
          className="progress-bar"
          role="progressbar"
          style={
            Object {
              "width": "10%",
            }
          }
        />
      </div>
    </div>
  </div>
</div>
`;
